dev.dhc.lox.IntegrationTest.testParser[inputs/parser/empty.lox]=[
  {
    "code": 0,
    "outLines": [ ],
    "errLines": [ ]
  }
]


dev.dhc.lox.IntegrationTest.testParser[inputs/parser/expressions.lox]=[
  {
    "code": 0,
    "outLines": [
      "true",
      "false",
      "123.45",
      "foo bar baz",
      "nil",
      "(group foo)",
      "(! true)",
      "(/ (* 16.0 38.0) 58.0)",
      "(- (+ 52.0 80.0) 94.0)",
      "(< (< 83.0 99.0) 115.0)",
      "(== baz baz)"
    ],
    "errLines": [ ]
  }
]


dev.dhc.lox.IntegrationTest.testParser[inputs/parser/parser_errors.lox]=[
  {
    "code": 0,
    "outLines": [ ],
    "errLines": [ ]
  }
]


dev.dhc.lox.IntegrationTest.testParser[inputs/parser/test.lox]=[
  {
    "code": 65,
    "outLines": [ ],
    "errLines": [
      "[line 1] Error: Expect expression."
    ]
  }
]


dev.dhc.lox.IntegrationTest.testScanner[inputs/scanner/empty.lox]=[
  {
    "code": 0,
    "outLines": [
      "EOF  null"
    ],
    "errLines": [ ]
  }
]


dev.dhc.lox.IntegrationTest.testScanner[inputs/scanner/scanner_errors.lox]=[
  {
    "code": 65,
    "outLines": [
      "EOF  null"
    ],
    "errLines": [
      "[line 1] Error: Unexpected character: #",
      "[line 2] Error: Unterminated string."
    ]
  }
]


dev.dhc.lox.IntegrationTest.testScanner[inputs/scanner/test.lox]=[
  {
    "code": 0,
    "outLines": [
      "VAR var null",
      "IDENTIFIER language null",
      "EQUAL = null",
      "STRING \"lox\" lox",
      "SEMICOLON ; null",
      "EOF  null"
    ],
    "errLines": [ ]
  }
]


dev.dhc.lox.IntegrationTest.testScanner[inputs/scanner/tokens.lox]=[
  {
    "code": 0,
    "outLines": [
      "LEFT_PAREN ( null",
      "LEFT_PAREN ( null",
      "RIGHT_PAREN ) null",
      "LEFT_BRACE { null",
      "LEFT_BRACE { null",
      "LEFT_BRACE { null",
      "RIGHT_BRACE } null",
      "RIGHT_BRACE } null",
      "LEFT_BRACE { null",
      "RIGHT_BRACE } null",
      "LEFT_BRACE { null",
      "LEFT_BRACE { null",
      "LEFT_BRACE { null",
      "RIGHT_BRACE } null",
      "COMMA , null",
      "DOT . null",
      "MINUS - null",
      "PLUS + null",
      "SEMICOLON ; null",
      "STAR * null",
      "EQUAL = null",
      "EQUAL_EQUAL == null",
      "EQUAL_EQUAL == null",
      "EQUAL = null",
      "EQUAL_EQUAL == null",
      "EQUAL_EQUAL == null",
      "EQUAL_EQUAL == null",
      "EQUAL_EQUAL == null",
      "EQUAL = null",
      "BANG_EQUAL != null",
      "BANG ! null",
      "LESS < null",
      "GREATER > null",
      "LESS_EQUAL <= null",
      "GREATER_EQUAL >= null",
      "EQUAL = null",
      "SLASH / null",
      "SLASH / null",
      "STRING \"\" ",
      "STRING \"foo\" foo",
      "STRING \"foo bar baz\" foo bar baz",
      "STRING \"123.45\" 123.45",
      "NUMBER 1 1.0",
      "NUMBER 1.2 1.2",
      "NUMBER 123.45 123.45",
      "NUMBER 0 0.0",
      "NUMBER 0.0 0.0",
      "IDENTIFIER foo null",
      "IDENTIFIER bar null",
      "IDENTIFIER baz null",
      "AND and null",
      "OR or null",
      "IDENTIFIER andor null",
      "IDENTIFIER _ null",
      "IDENTIFIER _foo null",
      "IDENTIFIER foo_bar null",
      "CLASS class null",
      "ELSE else null",
      "FALSE false null",
      "FUN fun null",
      "FOR for null",
      "IF if null",
      "NIL nil null",
      "PRINT print null",
      "RETURN return null",
      "SUPER super null",
      "THIS this null",
      "TRUE true null",
      "VAR var null",
      "WHILE while null",
      "EOF  null"
    ],
    "errLines": [ ]
  }
]